User-agent: *
Disallow: /
User-agent: Fred
Disallow:
